{
  "version": "1.5.0",
  "plugins_used": [
    {
      "name": "ArtifactoryDetector"
    },
    {
      "name": "AWSKeyDetector"
    },
    {
      "name": "AzureStorageKeyDetector"
    },
    {
      "name": "Base64HighEntropyString",
      "limit": 4.5
    },
    {
      "name": "BasicAuthDetector"
    },
    {
      "name": "CloudantDetector"
    },
    {
      "name": "DiscordBotTokenDetector"
    },
    {
      "name": "GitHubTokenDetector"
    },
    {
      "name": "GitLabTokenDetector"
    },
    {
      "name": "HexHighEntropyString",
      "limit": 3.0
    },
    {
      "name": "IbmCloudIamDetector"
    },
    {
      "name": "IbmCosHmacDetector"
    },
    {
      "name": "IPPublicDetector"
    },
    {
      "name": "JwtTokenDetector"
    },
    {
      "name": "KeywordDetector",
      "keyword_exclude": ""
    },
    {
      "name": "MailchimpDetector"
    },
    {
      "name": "NpmDetector"
    },
    {
      "name": "OpenAIDetector"
    },
    {
      "name": "PrivateKeyDetector"
    },
    {
      "name": "PypiTokenDetector"
    },
    {
      "name": "SendGridDetector"
    },
    {
      "name": "SlackDetector"
    },
    {
      "name": "SoftlayerDetector"
    },
    {
      "name": "SquareOAuthDetector"
    },
    {
      "name": "StripeDetector"
    },
    {
      "name": "TelegramBotTokenDetector"
    },
    {
      "name": "TwilioKeyDetector"
    }
  ],
  "filters_used": [
    {
      "path": "detect_secrets.filters.allowlist.is_line_allowlisted"
    },
    {
      "path": "detect_secrets.filters.common.is_baseline_file",
      "filename": ".secrets.baseline"
    },
    {
      "path": "detect_secrets.filters.common.is_ignored_due_to_verification_policies",
      "min_level": 2
    },
    {
      "path": "detect_secrets.filters.heuristic.is_indirect_reference"
    },
    {
      "path": "detect_secrets.filters.heuristic.is_likely_id_string"
    },
    {
      "path": "detect_secrets.filters.heuristic.is_lock_file"
    },
    {
      "path": "detect_secrets.filters.heuristic.is_not_alphanumeric_string"
    },
    {
      "path": "detect_secrets.filters.heuristic.is_potential_uuid"
    },
    {
      "path": "detect_secrets.filters.heuristic.is_prefixed_with_dollar_sign"
    },
    {
      "path": "detect_secrets.filters.heuristic.is_sequential_string"
    },
    {
      "path": "detect_secrets.filters.heuristic.is_swagger_file"
    },
    {
      "path": "detect_secrets.filters.heuristic.is_templated_secret"
    },
    {
      "path": "detect_secrets.filters.regex.should_exclude_file",
      "pattern": [
        "(^|/)(venv|\\.git|\\.pytest_cache|\\.ruff_cache)/"
      ]
    }
  ],
  "results": {
    "domain/uri_conventions.py": [
      {
        "type": "Base64 High Entropy String",
        "filename": "domain/uri_conventions.py",
        "hashed_secret": "e440cf026df95d658d7eecb04959e9ef8eab4f8e",
        "is_verified": false,
        "line_number": 26,
        "is_secret": false
      }
    ],
    "tests/test_bnode_elimination.py": [
      {
        "type": "Base64 High Entropy String",
        "filename": "tests/test_bnode_elimination.py",
        "hashed_secret": "f4f202002f4b1d5aa5e73af97c264090a05f068c",
        "is_verified": false,
        "line_number": 245,
        "is_secret": false
      }
    ],
    "tools/common.py": [
      {
        "type": "Base64 High Entropy String",
        "filename": "tools/common.py",
        "hashed_secret": "d8ca443ffcc62ee26ff0d4064e7285ec7016a7b7",
        "is_verified": false,
        "line_number": 34,
        "is_secret": false
      }
    ],
    "workshop/pre-generated/tbox_visualization.html": [
      {
        "type": "Base64 High Entropy String",
        "filename": "workshop/pre-generated/tbox_visualization.html",
        "hashed_secret": "d8ca443ffcc62ee26ff0d4064e7285ec7016a7b7",
        "is_verified": false,
        "line_number": 7,
        "is_secret": false
      }
    ]
  },
  "generated_at": "2026-10-04T17:54:42Z"
}
